should pass all kinds of assertion:
  1: |
    replicas: 1
    selector:
      matchLabels:
        app.kubernetes.io/instance: fso-agent
        app.kubernetes.io/name: fso-agent-mgmt-client
    template:
      metadata:
        labels:
          app.kubernetes.io/instance: fso-agent
          app.kubernetes.io/name: fso-agent-mgmt-client
      spec:
        containers:
          - env:
              - name: CLUSTER_NAMESPACE
                valueFrom:
                  fieldRef:
                    fieldPath: metadata.namespace
              - name: K8_OBJECT_ID
                valueFrom:
                  fieldRef:
                    fieldPath: metadata.uid
            envFrom:
              - configMapRef:
                  name: fso-agent-fso-agent-mgmt-client
              - secretRef:
                  name: fso-agent-fso-agent-mgmt-client
            image: apache:latest
            imagePullPolicy: Always
            name: fso-agent-mgmt-client
            resources:
              limits:
                cpu: 200m
                memory: 256Mi
              requests:
                cpu: 100m
                memory: 128Mi
            securityContext: {}
        securityContext: {}
        serviceAccountName: fso-agent
        terminationGracePeriodSeconds: 30
